yarn run v1.22.22
$ /Users/divalsehgal/Documents/mutiplayer-rpc-1/client/node_modules/.bin/tsc --noEmit
src/App.tsx(1,1): error TS6133: 'React' is declared but its value is never read.
src/hooks/useSocketEvent.ts(9,15): error TS2345: Argument of type 'string' is not assignable to parameter of type 'ReservedOrUserEventNames<SocketReservedEvents, ServerToClientEvents>'.
src/hooks/useSocketEvent.ts(11,18): error TS2345: Argument of type 'string' is not assignable to parameter of type 'ReservedOrUserEventNames<SocketReservedEvents, ServerToClientEvents> | undefined'.
src/router.tsx(2,18): error TS2307: Cannot find module './pages/Home' or its corresponding type declarations.
src/router.tsx(3,18): error TS2307: Cannot find module './pages/Room' or its corresponding type declarations.
src/screens/GameScreen.tsx(1,1): error TS6133: 'React' is declared but its value is never read.
src/screens/GameScreen.tsx(31,17): error TS2345: Argument of type '"extend-room"' is not assignable to parameter of type '"register" | "create-room" | "join-room" | "request-player-slot" | "game-move" | "game-ready" | "leave-room"'.
src/screens/GameScreen.tsx(35,33): error TS2322: Type 'string | undefined' is not assignable to type 'string'.
  Type 'undefined' is not assignable to type 'string'.
src/screens/GameScreen.tsx(55,32): error TS2322: Type 'string | undefined' is not assignable to type 'string'.
  Type 'undefined' is not assignable to type 'string'.
src/screens/GameScreen.tsx(59,33): error TS2322: Type 'string | undefined' is not assignable to type 'string'.
  Type 'undefined' is not assignable to type 'string'.
src/screens/LobbyScreen.tsx(1,8): error TS6133: 'React' is declared but its value is never read.
src/screens/LobbyScreen.tsx(1,27): error TS6133: 'useEffect' is declared but its value is never read.
src/screens/LobbyScreen.tsx(3,18): error TS6133: 'AnimatePresence' is declared but its value is never read.
src/screens/LobbyScreen.tsx(23,36): error TS2353: Object literal may only specify known properties, and 'hostName' does not exist in type '{ gameType?: string | undefined; maxPlayers?: number | undefined; allowSpectators?: boolean | undefined; }'.
src/screens/RoomScreen.tsx(1,8): error TS6133: 'React' is declared but its value is never read.
src/screens/RoomScreen.tsx(20,24): error TS2339: Property 'hostId' does not exist on type 'RoomState'.
src/screens/RoomScreen.tsx(60,17): error TS2345: Argument of type '"extend-room"' is not assignable to parameter of type '"register" | "create-room" | "join-room" | "request-player-slot" | "game-move" | "game-ready" | "leave-room"'.
src/screens/RoomScreen.tsx(151,160): error TS2322: Type 'string | undefined' is not assignable to type 'string'.
  Type 'undefined' is not assignable to type 'string'.
info Visit https://yarnpkg.com/en/docs/cli/run for documentation about this command.
